// Jest Snapshot v1, https://goo.gl/fbAQLP

exports[` 1`] = `
<div
  className="buttons"
>
  <button
    type="submit"
  >
    AC
  </button>
  <button
    type="submit"
  >
    +/-
  </button>
  <button
    type="submit"
  >
    %
  </button>
  <button
    className="operator"
    type="submit"
  >
    ÷
  </button>
  <button
    type="submit"
  >
    7
  </button>
  <button
    type="submit"
  >
    8
  </button>
  <button
    type="submit"
  >
    9
  </button>
  <button
    className="operator"
    type="submit"
  >
    ×
  </button>
  <button
    type="submit"
  >
    4
  </button>
  <button
    type="submit"
  >
    5
  </button>
  <button
    type="submit"
  >
    6
  </button>
  <button
    className="operator"
    type="submit"
  >
    -
  </button>
  <button
    type="submit"
  >
    1
  </button>
  <button
    type="submit"
  >
    2
  </button>
  <button
    type="submit"
  >
    3
  </button>
  <button
    className="operator"
    type="submit"
  >
    +
  </button>
  <button
    className="span-two"
    type="submit"
  >
    0
  </button>
  <button
    type="submit"
  >
    .
  </button>
  <button
    className="operator"
    type="submit"
  >
    =
  </button>
</div>
`;

exports[`Button renders  correctly 1`] = `
<div
  className="buttons"
>
   
  <div
    className="buttons"
  >
    <button
      type="submit"
    >
      AC
    </button>
    <button
      type="submit"
    >
      +/-
    </button>
    <button
      type="submit"
    >
      %
    </button>
    <button
      className="operator"
      type="submit"
    >
      ÷
    </button>
    <button
      type="submit"
    >
      7
    </button>
    <button
      type="submit"
    >
      8
    </button>
    <button
      type="submit"
    >
      9
    </button>
    <button
      className="operator"
      type="submit"
    >
      ×
    </button>
    <button
      type="submit"
    >
      4
    </button>
    <button
      type="submit"
    >
      5
    </button>
    <button
      type="submit"
    >
      6
    </button>
    <button
      className="operator"
      type="submit"
    >
      -
    </button>
    <button
      type="submit"
    >
      1
    </button>
    <button
      type="submit"
    >
      2
    </button>
    <button
      type="submit"
    >
      3
    </button>
    <button
      className="operator"
      type="submit"
    >
      +
    </button>
    <button
      className="span-two"
      type="submit"
    >
      0
    </button>
    <button
      type="submit"
    >
      .
    </button>
    <button
      className="operator"
      type="submit"
    >
      =
    </button>
  </div>
</div>
`;

exports[`Calculator renders  correctly 1`] = `
<div
  className="buttons"
>
   
  <div
    className="buttons"
  >
    <button
      type="submit"
    >
      AC
    </button>
    <button
      type="submit"
    >
      +/-
    </button>
    <button
      type="submit"
    >
      %
    </button>
    <button
      className="operator"
      type="submit"
    >
      ÷
    </button>
    <button
      type="submit"
    >
      7
    </button>
    <button
      type="submit"
    >
      8
    </button>
    <button
      type="submit"
    >
      9
    </button>
    <button
      className="operator"
      type="submit"
    >
      ×
    </button>
    <button
      type="submit"
    >
      4
    </button>
    <button
      type="submit"
    >
      5
    </button>
    <button
      type="submit"
    >
      6
    </button>
    <button
      className="operator"
      type="submit"
    >
      -
    </button>
    <button
      type="submit"
    >
      1
    </button>
    <button
      type="submit"
    >
      2
    </button>
    <button
      type="submit"
    >
      3
    </button>
    <button
      className="operator"
      type="submit"
    >
      +
    </button>
    <button
      className="span-two"
      type="submit"
    >
      0
    </button>
    <button
      type="submit"
    >
      .
    </button>
    <button
      className="operator"
      type="submit"
    >
      =
    </button>
  </div>
</div>
`;

exports[`Renders  correctly 1`] = `
<div
  className="buttons"
/>
`;

exports[`Renders  correctly 2`] = `
<div
  className="buttons"
>
   
  <div
    className="buttons"
  >
    <button
      type="submit"
    >
      AC
    </button>
    <button
      type="submit"
    >
      +/-
    </button>
    <button
      type="submit"
    >
      %
    </button>
    <button
      className="operator"
      type="submit"
    >
      ÷
    </button>
    <button
      type="submit"
    >
      7
    </button>
    <button
      type="submit"
    >
      8
    </button>
    <button
      type="submit"
    >
      9
    </button>
    <button
      className="operator"
      type="submit"
    >
      ×
    </button>
    <button
      type="submit"
    >
      4
    </button>
    <button
      type="submit"
    >
      5
    </button>
    <button
      type="submit"
    >
      6
    </button>
    <button
      className="operator"
      type="submit"
    >
      -
    </button>
    <button
      type="submit"
    >
      1
    </button>
    <button
      type="submit"
    >
      2
    </button>
    <button
      type="submit"
    >
      3
    </button>
    <button
      className="operator"
      type="submit"
    >
      +
    </button>
    <button
      className="span-two"
      type="submit"
    >
      0
    </button>
    <button
      type="submit"
    >
      .
    </button>
    <button
      className="operator"
      type="submit"
    >
      =
    </button>
  </div>
</div>
`;
