// Jest Snapshot v1, https://goo.gl/fbAQLP

exports[`OutPut component renders correctly 1`] = `undefined`;
