// Jest Snapshot v1, https://goo.gl/fbAQLP

exports[`Quote component  1`] = `
<div
  class="quote_container"
>
  <p
    class="quote"
  >
    Mathematics is not about numbers, equations, computations, or algorithms: it is about understanding. -William Paul Thurston
  </p>
</div>
`;
